// Jest Snapshot v1, https://goo.gl/fbAQLP

exports[`Testing HomeScreen renders without crashing 1`] = `null`;

exports[`Testing HomeScreen 정상적으로 렌더링이 되어야 합니다. 1`] = `null`;
